
> pro-dating-app@0.1.0 build
> cross-env NODE_OPTIONS=--max-old-space-size=4096 next build

  ▲ Next.js 14.2.33
  - Environments: .env.local, .env
  - Experiments (use with caution):
    · instrumentationHook

   Creating an optimized production build ...
[@sentry/nextjs] DEPRECATION WARNING: It is recommended renaming your `sentry.client.config.ts` file, or moving its content to `instrumentation-client.ts`. When using Turbopack `sentry.client.config.ts` will no longer work. Read more about the `instrumentation-client.ts` file: https://nextjs.org/docs/app/api-reference/file-conventions/instrumentation-client
<w> [webpack.cache.PackFileCacheStrategy] Serializing big strings (188kiB) impacts deserialization performance (consider using Buffer instead and decode when needed)
<w> [webpack.cache.PackFileCacheStrategy] Serializing big strings (139kiB) impacts deserialization performance (consider using Buffer instead and decode when needed)
 ✓ Compiled successfully
   Linting and checking validity of types ...
Failed to compile.

./app/blog/[slug]/page.tsx:21:29
Type error: Property 'blogPost' does not exist on type 'PrismaClient<PrismaClientOptions, never, DefaultArgs>'.

[0m [90m 19 |[39m [90m// Fetch blog post data (server-side)[39m[0m
[0m [90m 20 |[39m [36masync[39m [36mfunction[39m getBlogPost(slug[33m:[39m string) {[0m
[0m[31m[1m>[22m[39m[90m 21 |[39m   [36mconst[39m post [33m=[39m [36mawait[39m prisma[33m.[39mblogPost[33m.[39mfindUnique({[0m
[0m [90m    |[39m                             [31m[1m^[22m[39m[0m
[0m [90m 22 |[39m     where[33m:[39m {[0m
[0m [90m 23 |[39m       slug[33m,[39m[0m
[0m [90m 24 |[39m       published[33m:[39m [36mtrue[39m[33m,[39m[0m
Next.js build worker exited with code: 1 and signal: null

> pro-dating-app@0.1.0 build
> cross-env NODE_OPTIONS=--max-old-space-size=4096 next build

  ▲ Next.js 14.2.33
  - Environments: .env.local, .env
  - Experiments (use with caution):
    · instrumentationHook

   Creating an optimized production build ...
[@sentry/nextjs] DEPRECATION WARNING: It is recommended renaming your `sentry.client.config.ts` file, or moving its content to `instrumentation-client.ts`. When using Turbopack `sentry.client.config.ts` will no longer work. Read more about the `instrumentation-client.ts` file: https://nextjs.org/docs/app/api-reference/file-conventions/instrumentation-client
<w> [webpack.cache.PackFileCacheStrategy] Serializing big strings (188kiB) impacts deserialization performance (consider using Buffer instead and decode when needed)
<w> [webpack.cache.PackFileCacheStrategy] Serializing big strings (139kiB) impacts deserialization performance (consider using Buffer instead and decode when needed)
 ✓ Compiled successfully
   Linting and checking validity of types ...
Failed to compile.

./app/blog/[slug]/page.tsx:50:15
Type error: Object literal may only specify known properties, and 'viewCount' does not exist in type '(Without<PostUpdateInput, PostUncheckedUpdateInput> & PostUncheckedUpdateInput) | (Without<...> & PostUpdateInput)'.

[0m [90m 48 |[39m     [33m.[39mupdate({[0m
[0m [90m 49 |[39m       where[33m:[39m { id[33m:[39m post[33m.[39mid }[33m,[39m[0m
[0m[31m[1m>[22m[39m[90m 50 |[39m       data[33m:[39m { viewCount[33m:[39m { increment[33m:[39m [35m1[39m } }[33m,[39m[0m
[0m [90m    |[39m               [31m[1m^[22m[39m[0m
[0m [90m 51 |[39m     })[0m
[0m [90m 52 |[39m     [33m.[39m[36mcatch[39m((err) [33m=>[39m console[33m.[39merror([32m'Failed to increment view count:'[39m[33m,[39m err))[0m
[0m [90m 53 |[39m[0m
Next.js build worker exited with code: 1 and signal: null
